  main.cpp
C:\Users\ThisPc\Desktop\GP Assignment\GP Assignment\main.cpp(198,26): warning C4305: 'argument': truncation from 'int' to 'GLboolean'
C:\Users\ThisPc\Desktop\GP Assignment\GP Assignment\main.cpp(198,26): warning C4309: 'argument': truncation of constant value
C:\Users\ThisPc\Desktop\GP Assignment\GP Assignment\main.cpp(212,26): warning C4305: 'argument': truncation from 'int' to 'GLboolean'
C:\Users\ThisPc\Desktop\GP Assignment\GP Assignment\main.cpp(212,26): warning C4309: 'argument': truncation of constant value
C:\Users\ThisPc\Desktop\GP Assignment\GP Assignment\main.cpp(239,26): warning C4305: 'argument': truncation from 'int' to 'GLboolean'
C:\Users\ThisPc\Desktop\GP Assignment\GP Assignment\main.cpp(239,26): warning C4309: 'argument': truncation of constant value
C:\Users\ThisPc\Desktop\GP Assignment\GP Assignment\main.cpp(546,23): warning C4305: '+=': truncation from 'double' to 'float'
C:\Users\ThisPc\Desktop\GP Assignment\GP Assignment\main.cpp(549,23): warning C4305: '-=': truncation from 'double' to 'float'
C:\Users\ThisPc\Desktop\GP Assignment\GP Assignment\main.cpp(552,23): warning C4305: '+=': truncation from 'double' to 'float'
C:\Users\ThisPc\Desktop\GP Assignment\GP Assignment\main.cpp(555,23): warning C4305: '-=': truncation from 'double' to 'float'
C:\Users\ThisPc\Desktop\GP Assignment\GP Assignment\main.cpp(558,23): warning C4244: '+=': conversion from 'double' to 'int', possible loss of data
C:\Users\ThisPc\Desktop\GP Assignment\GP Assignment\main.cpp(561,23): warning C4244: '-=': conversion from 'double' to 'int', possible loss of data
C:\Users\ThisPc\Desktop\GP Assignment\GP Assignment\main.cpp(564,23): warning C4244: '+=': conversion from 'double' to 'int', possible loss of data
C:\Users\ThisPc\Desktop\GP Assignment\GP Assignment\main.cpp(567,23): warning C4244: '-=': conversion from 'double' to 'int', possible loss of data
C:\Users\ThisPc\Desktop\GP Assignment\GP Assignment\main.cpp(577,19): warning C4305: '+=': truncation from 'double' to 'float'
C:\Users\ThisPc\Desktop\GP Assignment\GP Assignment\main.cpp(580,19): warning C4305: '-=': truncation from 'double' to 'float'
C:\Users\ThisPc\Desktop\GP Assignment\GP Assignment\main.cpp(583,19): warning C4305: '+=': truncation from 'double' to 'float'
C:\Users\ThisPc\Desktop\GP Assignment\GP Assignment\main.cpp(586,19): warning C4305: '-=': truncation from 'double' to 'float'
C:\Users\ThisPc\Desktop\GP Assignment\GP Assignment\main.cpp(589,19): warning C4244: '+=': conversion from 'double' to 'int', possible loss of data
C:\Users\ThisPc\Desktop\GP Assignment\GP Assignment\main.cpp(592,19): warning C4244: '-=': conversion from 'double' to 'int', possible loss of data
C:\Users\ThisPc\Desktop\GP Assignment\GP Assignment\main.cpp(595,19): warning C4244: '+=': conversion from 'double' to 'int', possible loss of data
C:\Users\ThisPc\Desktop\GP Assignment\GP Assignment\main.cpp(598,19): warning C4244: '-=': conversion from 'double' to 'int', possible loss of data
C:\Users\ThisPc\Desktop\GP Assignment\GP Assignment\main.cpp(608,21): warning C4305: '+=': truncation from 'double' to 'float'
C:\Users\ThisPc\Desktop\GP Assignment\GP Assignment\main.cpp(611,21): warning C4305: '-=': truncation from 'double' to 'float'
C:\Users\ThisPc\Desktop\GP Assignment\GP Assignment\main.cpp(614,21): warning C4244: '+=': conversion from 'double' to 'int', possible loss of data
C:\Users\ThisPc\Desktop\GP Assignment\GP Assignment\main.cpp(617,21): warning C4244: '-=': conversion from 'double' to 'int', possible loss of data
C:\Users\ThisPc\Desktop\GP Assignment\GP Assignment\main.cpp(620,21): warning C4244: '+=': conversion from 'double' to 'int', possible loss of data
C:\Users\ThisPc\Desktop\GP Assignment\GP Assignment\main.cpp(623,21): warning C4244: '-=': conversion from 'double' to 'int', possible loss of data
C:\Users\ThisPc\Desktop\GP Assignment\GP Assignment\main.cpp(863,14): warning C4244: 'initializing': conversion from 'double' to 'float', possible loss of data
C:\Users\ThisPc\Desktop\GP Assignment\GP Assignment\main.cpp(864,14): warning C4244: 'initializing': conversion from 'double' to 'float', possible loss of data
C:\Users\ThisPc\Desktop\GP Assignment\GP Assignment\main.cpp(875,14): warning C4244: 'initializing': conversion from 'double' to 'float', possible loss of data
C:\Users\ThisPc\Desktop\GP Assignment\GP Assignment\main.cpp(987,12): warning C4244: 'initializing': conversion from 'double' to 'float', possible loss of data
C:\Users\ThisPc\Desktop\GP Assignment\GP Assignment\main.cpp(988,12): warning C4244: 'initializing': conversion from 'double' to 'float', possible loss of data
C:\Users\ThisPc\Desktop\GP Assignment\GP Assignment\main.cpp(989,12): warning C4244: 'initializing': conversion from 'double' to 'float', possible loss of data
C:\Users\ThisPc\Desktop\GP Assignment\GP Assignment\main.cpp(990,12): warning C4244: 'initializing': conversion from 'double' to 'float', possible loss of data
C:\Users\ThisPc\Desktop\GP Assignment\GP Assignment\main.cpp(1005,11): warning C4244: 'initializing': conversion from 'double' to 'float', possible loss of data
C:\Users\ThisPc\Desktop\GP Assignment\GP Assignment\main.cpp(1006,11): warning C4244: 'initializing': conversion from 'double' to 'float', possible loss of data
C:\Users\ThisPc\Desktop\GP Assignment\GP Assignment\main.cpp(1016,11): warning C4244: 'initializing': conversion from 'double' to 'float', possible loss of data
C:\Users\ThisPc\Desktop\GP Assignment\GP Assignment\main.cpp(1017,11): warning C4244: 'initializing': conversion from 'double' to 'float', possible loss of data
C:\Users\ThisPc\Desktop\GP Assignment\GP Assignment\main.cpp(1027,18): warning C4305: 'argument': truncation from 'double' to 'GLfloat'
C:\Users\ThisPc\Desktop\GP Assignment\GP Assignment\main.cpp(1027,12): warning C4305: 'argument': truncation from 'double' to 'GLfloat'
C:\Users\ThisPc\Desktop\GP Assignment\GP Assignment\main.cpp(1029,21): warning C4305: 'argument': truncation from 'double' to 'float'
C:\Users\ThisPc\Desktop\GP Assignment\GP Assignment\main.cpp(1032,21): warning C4305: 'argument': truncation from 'double' to 'float'
C:\Users\ThisPc\Desktop\GP Assignment\GP Assignment\main.cpp(1034,26): warning C4305: 'argument': truncation from 'double' to 'GLfloat'
C:\Users\ThisPc\Desktop\GP Assignment\GP Assignment\main.cpp(1035,21): warning C4305: 'argument': truncation from 'double' to 'float'
C:\Users\ThisPc\Desktop\GP Assignment\GP Assignment\main.cpp(1038,27): warning C4305: 'argument': truncation from 'double' to 'GLfloat'
C:\Users\ThisPc\Desktop\GP Assignment\GP Assignment\main.cpp(1039,24): warning C4305: 'argument': truncation from 'double' to 'GLfloat'
C:\Users\ThisPc\Desktop\GP Assignment\GP Assignment\main.cpp(1039,18): warning C4305: 'argument': truncation from 'double' to 'GLfloat'
C:\Users\ThisPc\Desktop\GP Assignment\GP Assignment\main.cpp(1039,12): warning C4305: 'argument': truncation from 'double' to 'GLfloat'
C:\Users\ThisPc\Desktop\GP Assignment\GP Assignment\main.cpp(1044,29): warning C4305: 'argument': truncation from 'double' to 'GLfloat'
C:\Users\ThisPc\Desktop\GP Assignment\GP Assignment\main.cpp(1044,15): warning C4305: 'argument': truncation from 'double' to 'GLfloat'
C:\Users\ThisPc\Desktop\GP Assignment\GP Assignment\main.cpp(1046,22): warning C4305: 'argument': truncation from 'double' to 'float'
C:\Users\ThisPc\Desktop\GP Assignment\GP Assignment\main.cpp(1046,17): warning C4305: 'argument': truncation from 'double' to 'float'
C:\Users\ThisPc\Desktop\GP Assignment\GP Assignment\main.cpp(1046,11): warning C4305: 'argument': truncation from 'double' to 'float'
C:\Users\ThisPc\Desktop\GP Assignment\GP Assignment\main.cpp(1047,15): warning C4305: 'argument': truncation from 'double' to 'GLfloat'
C:\Users\ThisPc\Desktop\GP Assignment\GP Assignment\main.cpp(1048,22): warning C4305: 'argument': truncation from 'double' to 'float'
C:\Users\ThisPc\Desktop\GP Assignment\GP Assignment\main.cpp(1048,17): warning C4305: 'argument': truncation from 'double' to 'float'
C:\Users\ThisPc\Desktop\GP Assignment\GP Assignment\main.cpp(1048,11): warning C4305: 'argument': truncation from 'double' to 'float'
C:\Users\ThisPc\Desktop\GP Assignment\GP Assignment\main.cpp(1049,15): warning C4305: 'argument': truncation from 'double' to 'GLfloat'
C:\Users\ThisPc\Desktop\GP Assignment\GP Assignment\main.cpp(1050,22): warning C4305: 'argument': truncation from 'double' to 'float'
C:\Users\ThisPc\Desktop\GP Assignment\GP Assignment\main.cpp(1050,17): warning C4305: 'argument': truncation from 'double' to 'float'
C:\Users\ThisPc\Desktop\GP Assignment\GP Assignment\main.cpp(1050,11): warning C4305: 'argument': truncation from 'double' to 'float'
C:\Users\ThisPc\Desktop\GP Assignment\GP Assignment\main.cpp(1051,15): warning C4305: 'argument': truncation from 'double' to 'GLfloat'
C:\Users\ThisPc\Desktop\GP Assignment\GP Assignment\main.cpp(1052,22): warning C4305: 'argument': truncation from 'double' to 'float'
C:\Users\ThisPc\Desktop\GP Assignment\GP Assignment\main.cpp(1052,17): warning C4305: 'argument': truncation from 'double' to 'float'
C:\Users\ThisPc\Desktop\GP Assignment\GP Assignment\main.cpp(1052,11): warning C4305: 'argument': truncation from 'double' to 'float'
C:\Users\ThisPc\Desktop\GP Assignment\GP Assignment\main.cpp(1053,18): warning C4305: 'argument': truncation from 'double' to 'GLfloat'
C:\Users\ThisPc\Desktop\GP Assignment\GP Assignment\main.cpp(1053,12): warning C4305: 'argument': truncation from 'double' to 'GLfloat'
C:\Users\ThisPc\Desktop\GP Assignment\GP Assignment\main.cpp(1065,24): warning C4305: 'argument': truncation from 'double' to 'GLfloat'
C:\Users\ThisPc\Desktop\GP Assignment\GP Assignment\main.cpp(1065,18): warning C4305: 'argument': truncation from 'double' to 'GLfloat'
C:\Users\ThisPc\Desktop\GP Assignment\GP Assignment\main.cpp(1065,12): warning C4305: 'argument': truncation from 'double' to 'GLfloat'
C:\Users\ThisPc\Desktop\GP Assignment\GP Assignment\main.cpp(1110,20): warning C4305: 'argument': truncation from 'double' to 'GLfloat'
C:\Users\ThisPc\Desktop\GP Assignment\GP Assignment\main.cpp(1110,15): warning C4305: 'argument': truncation from 'double' to 'GLfloat'
C:\Users\ThisPc\Desktop\GP Assignment\GP Assignment\main.cpp(1111,17): warning C4305: 'argument': truncation from 'double' to 'GLfloat'
C:\Users\ThisPc\Desktop\GP Assignment\GP Assignment\main.cpp(1111,12): warning C4305: 'argument': truncation from 'double' to 'GLfloat'
C:\Users\ThisPc\Desktop\GP Assignment\GP Assignment\main.cpp(1112,21): warning C4305: 'argument': truncation from 'double' to 'GLfloat'
C:\Users\ThisPc\Desktop\GP Assignment\GP Assignment\main.cpp(1112,16): warning C4305: 'argument': truncation from 'double' to 'GLfloat'
C:\Users\ThisPc\Desktop\GP Assignment\GP Assignment\main.cpp(1112,11): warning C4305: 'argument': truncation from 'double' to 'GLfloat'
C:\Users\ThisPc\Desktop\GP Assignment\GP Assignment\main.cpp(1115,20): warning C4305: 'argument': truncation from 'double' to 'float'
C:\Users\ThisPc\Desktop\GP Assignment\GP Assignment\main.cpp(1119,20): warning C4305: 'argument': truncation from 'double' to 'GLfloat'
C:\Users\ThisPc\Desktop\GP Assignment\GP Assignment\main.cpp(1119,15): warning C4305: 'argument': truncation from 'double' to 'GLfloat'
C:\Users\ThisPc\Desktop\GP Assignment\GP Assignment\main.cpp(1120,17): warning C4305: 'argument': truncation from 'double' to 'GLfloat'
C:\Users\ThisPc\Desktop\GP Assignment\GP Assignment\main.cpp(1120,12): warning C4305: 'argument': truncation from 'double' to 'GLfloat'
C:\Users\ThisPc\Desktop\GP Assignment\GP Assignment\main.cpp(1121,21): warning C4305: 'argument': truncation from 'double' to 'GLfloat'
C:\Users\ThisPc\Desktop\GP Assignment\GP Assignment\main.cpp(1121,16): warning C4305: 'argument': truncation from 'double' to 'GLfloat'
C:\Users\ThisPc\Desktop\GP Assignment\GP Assignment\main.cpp(1121,11): warning C4305: 'argument': truncation from 'double' to 'GLfloat'
C:\Users\ThisPc\Desktop\GP Assignment\GP Assignment\main.cpp(1124,26): warning C4305: 'argument': truncation from 'double' to 'float'
C:\Users\ThisPc\Desktop\GP Assignment\GP Assignment\main.cpp(1124,20): warning C4305: 'argument': truncation from 'double' to 'float'
C:\Users\ThisPc\Desktop\GP Assignment\GP Assignment\main.cpp(1136,21): warning C4305: 'argument': truncation from 'double' to 'GLfloat'
C:\Users\ThisPc\Desktop\GP Assignment\GP Assignment\main.cpp(1142,21): warning C4305: 'argument': truncation from 'double' to 'GLfloat'
C:\Users\ThisPc\Desktop\GP Assignment\GP Assignment\main.cpp(1154,21): warning C4305: 'argument': truncation from 'double' to 'GLfloat'
C:\Users\ThisPc\Desktop\GP Assignment\GP Assignment\main.cpp(1161,21): warning C4305: 'argument': truncation from 'double' to 'GLfloat'
C:\Users\ThisPc\Desktop\GP Assignment\GP Assignment\main.cpp(1162,17): warning C4305: 'argument': truncation from 'double' to 'GLfloat'
C:\Users\ThisPc\Desktop\GP Assignment\GP Assignment\main.cpp(1162,12): warning C4305: 'argument': truncation from 'double' to 'GLfloat'
C:\Users\ThisPc\Desktop\GP Assignment\GP Assignment\main.cpp(1164,16): warning C4305: 'argument': truncation from 'double' to 'float'
C:\Users\ThisPc\Desktop\GP Assignment\GP Assignment\main.cpp(1164,11): warning C4305: 'argument': truncation from 'double' to 'float'
C:\Users\ThisPc\Desktop\GP Assignment\GP Assignment\main.cpp(1175,27): warning C4305: 'argument': truncation from 'double' to 'GLfloat'
C:\Users\ThisPc\Desktop\GP Assignment\GP Assignment\main.cpp(1175,21): warning C4305: 'argument': truncation from 'double' to 'GLfloat'
C:\Users\ThisPc\Desktop\GP Assignment\GP Assignment\main.cpp(1175,15): warning C4305: 'argument': truncation from 'double' to 'GLfloat'
C:\Users\ThisPc\Desktop\GP Assignment\GP Assignment\main.cpp(1176,17): warning C4305: 'argument': truncation from 'double' to 'GLfloat'
C:\Users\ThisPc\Desktop\GP Assignment\GP Assignment\main.cpp(1176,12): warning C4305: 'argument': truncation from 'double' to 'GLfloat'
C:\Users\ThisPc\Desktop\GP Assignment\GP Assignment\main.cpp(1179,21): warning C4305: 'argument': truncation from 'double' to 'float'
C:\Users\ThisPc\Desktop\GP Assignment\GP Assignment\main.cpp(1179,16): warning C4305: 'argument': truncation from 'double' to 'float'
C:\Users\ThisPc\Desktop\GP Assignment\GP Assignment\main.cpp(1182,26): warning C4305: 'argument': truncation from 'double' to 'GLfloat'
C:\Users\ThisPc\Desktop\GP Assignment\GP Assignment\main.cpp(1182,20): warning C4305: 'argument': truncation from 'double' to 'GLfloat'
C:\Users\ThisPc\Desktop\GP Assignment\GP Assignment\main.cpp(1182,15): warning C4305: 'argument': truncation from 'double' to 'GLfloat'
C:\Users\ThisPc\Desktop\GP Assignment\GP Assignment\main.cpp(1183,22): warning C4305: 'argument': truncation from 'double' to 'GLfloat'
C:\Users\ThisPc\Desktop\GP Assignment\GP Assignment\main.cpp(1183,17): warning C4305: 'argument': truncation from 'double' to 'GLfloat'
C:\Users\ThisPc\Desktop\GP Assignment\GP Assignment\main.cpp(1183,12): warning C4305: 'argument': truncation from 'double' to 'GLfloat'
C:\Users\ThisPc\Desktop\GP Assignment\GP Assignment\main.cpp(1185,21): warning C4305: 'argument': truncation from 'double' to 'float'
C:\Users\ThisPc\Desktop\GP Assignment\GP Assignment\main.cpp(1185,16): warning C4305: 'argument': truncation from 'double' to 'float'
C:\Users\ThisPc\Desktop\GP Assignment\GP Assignment\main.cpp(1199,21): warning C4305: 'argument': truncation from 'double' to 'GLfloat'
C:\Users\ThisPc\Desktop\GP Assignment\GP Assignment\main.cpp(1211,21): warning C4305: 'argument': truncation from 'double' to 'GLfloat'
C:\Users\ThisPc\Desktop\GP Assignment\GP Assignment\main.cpp(1218,21): warning C4305: 'argument': truncation from 'double' to 'GLfloat'
C:\Users\ThisPc\Desktop\GP Assignment\GP Assignment\main.cpp(1219,17): warning C4305: 'argument': truncation from 'double' to 'GLfloat'
C:\Users\ThisPc\Desktop\GP Assignment\GP Assignment\main.cpp(1219,12): warning C4305: 'argument': truncation from 'double' to 'GLfloat'
C:\Users\ThisPc\Desktop\GP Assignment\GP Assignment\main.cpp(1221,16): warning C4305: 'argument': truncation from 'double' to 'float'
C:\Users\ThisPc\Desktop\GP Assignment\GP Assignment\main.cpp(1221,11): warning C4305: 'argument': truncation from 'double' to 'float'
C:\Users\ThisPc\Desktop\GP Assignment\GP Assignment\main.cpp(1232,26): warning C4305: 'argument': truncation from 'double' to 'GLfloat'
C:\Users\ThisPc\Desktop\GP Assignment\GP Assignment\main.cpp(1232,21): warning C4305: 'argument': truncation from 'double' to 'GLfloat'
C:\Users\ThisPc\Desktop\GP Assignment\GP Assignment\main.cpp(1232,15): warning C4305: 'argument': truncation from 'double' to 'GLfloat'
C:\Users\ThisPc\Desktop\GP Assignment\GP Assignment\main.cpp(1233,17): warning C4305: 'argument': truncation from 'double' to 'GLfloat'
C:\Users\ThisPc\Desktop\GP Assignment\GP Assignment\main.cpp(1233,12): warning C4305: 'argument': truncation from 'double' to 'GLfloat'
C:\Users\ThisPc\Desktop\GP Assignment\GP Assignment\main.cpp(1236,21): warning C4305: 'argument': truncation from 'double' to 'float'
C:\Users\ThisPc\Desktop\GP Assignment\GP Assignment\main.cpp(1236,16): warning C4305: 'argument': truncation from 'double' to 'float'
C:\Users\ThisPc\Desktop\GP Assignment\GP Assignment\main.cpp(1240,25): warning C4305: 'argument': truncation from 'double' to 'GLfloat'
C:\Users\ThisPc\Desktop\GP Assignment\GP Assignment\main.cpp(1240,20): warning C4305: 'argument': truncation from 'double' to 'GLfloat'
C:\Users\ThisPc\Desktop\GP Assignment\GP Assignment\main.cpp(1240,15): warning C4305: 'argument': truncation from 'double' to 'GLfloat'
C:\Users\ThisPc\Desktop\GP Assignment\GP Assignment\main.cpp(1241,22): warning C4305: 'argument': truncation from 'double' to 'GLfloat'
C:\Users\ThisPc\Desktop\GP Assignment\GP Assignment\main.cpp(1241,17): warning C4305: 'argument': truncation from 'double' to 'GLfloat'
C:\Users\ThisPc\Desktop\GP Assignment\GP Assignment\main.cpp(1241,12): warning C4305: 'argument': truncation from 'double' to 'GLfloat'
C:\Users\ThisPc\Desktop\GP Assignment\GP Assignment\main.cpp(1243,21): warning C4305: 'argument': truncation from 'double' to 'float'
C:\Users\ThisPc\Desktop\GP Assignment\GP Assignment\main.cpp(1243,16): warning C4305: 'argument': truncation from 'double' to 'float'
C:\Users\ThisPc\Desktop\GP Assignment\GP Assignment\main.cpp(1250,27): warning C4305: 'argument': truncation from 'double' to 'GLfloat'
C:\Users\ThisPc\Desktop\GP Assignment\GP Assignment\main.cpp(1250,15): warning C4305: 'argument': truncation from 'double' to 'GLfloat'
C:\Users\ThisPc\Desktop\GP Assignment\GP Assignment\main.cpp(1251,17): warning C4305: 'argument': truncation from 'double' to 'GLfloat'
C:\Users\ThisPc\Desktop\GP Assignment\GP Assignment\main.cpp(1251,12): warning C4305: 'argument': truncation from 'double' to 'GLfloat'
C:\Users\ThisPc\Desktop\GP Assignment\GP Assignment\main.cpp(1252,21): warning C4305: 'argument': truncation from 'double' to 'GLfloat'
C:\Users\ThisPc\Desktop\GP Assignment\GP Assignment\main.cpp(1252,11): warning C4305: 'argument': truncation from 'double' to 'GLfloat'
C:\Users\ThisPc\Desktop\GP Assignment\GP Assignment\main.cpp(1256,25): warning C4305: 'argument': truncation from 'double' to 'float'
C:\Users\ThisPc\Desktop\GP Assignment\GP Assignment\main.cpp(1256,20): warning C4305: 'argument': truncation from 'double' to 'float'
C:\Users\ThisPc\Desktop\GP Assignment\GP Assignment\main.cpp(1263,22): warning C4305: 'argument': truncation from 'double' to 'GLfloat'
C:\Users\ThisPc\Desktop\GP Assignment\GP Assignment\main.cpp(1263,17): warning C4305: 'argument': truncation from 'double' to 'GLfloat'
C:\Users\ThisPc\Desktop\GP Assignment\GP Assignment\main.cpp(1263,12): warning C4305: 'argument': truncation from 'double' to 'GLfloat'
C:\Users\ThisPc\Desktop\GP Assignment\GP Assignment\main.cpp(1265,16): warning C4305: 'argument': truncation from 'double' to 'float'
C:\Users\ThisPc\Desktop\GP Assignment\GP Assignment\main.cpp(1265,11): warning C4305: 'argument': truncation from 'double' to 'float'
C:\Users\ThisPc\Desktop\GP Assignment\GP Assignment\main.cpp(1270,15): warning C4305: 'argument': truncation from 'double' to 'GLfloat'
C:\Users\ThisPc\Desktop\GP Assignment\GP Assignment\main.cpp(1271,22): warning C4305: 'argument': truncation from 'double' to 'GLfloat'
C:\Users\ThisPc\Desktop\GP Assignment\GP Assignment\main.cpp(1271,17): warning C4305: 'argument': truncation from 'double' to 'GLfloat'
C:\Users\ThisPc\Desktop\GP Assignment\GP Assignment\main.cpp(1271,12): warning C4305: 'argument': truncation from 'double' to 'GLfloat'
C:\Users\ThisPc\Desktop\GP Assignment\GP Assignment\main.cpp(1273,21): warning C4305: 'argument': truncation from 'double' to 'float'
C:\Users\ThisPc\Desktop\GP Assignment\GP Assignment\main.cpp(1273,16): warning C4305: 'argument': truncation from 'double' to 'float'
C:\Users\ThisPc\Desktop\GP Assignment\GP Assignment\main.cpp(1273,11): warning C4305: 'argument': truncation from 'double' to 'float'
C:\Users\ThisPc\Desktop\GP Assignment\GP Assignment\main.cpp(1277,15): warning C4305: 'argument': truncation from 'double' to 'GLfloat'
C:\Users\ThisPc\Desktop\GP Assignment\GP Assignment\main.cpp(1278,24): warning C4305: 'argument': truncation from 'double' to 'GLfloat'
C:\Users\ThisPc\Desktop\GP Assignment\GP Assignment\main.cpp(1278,18): warning C4305: 'argument': truncation from 'double' to 'GLfloat'
C:\Users\ThisPc\Desktop\GP Assignment\GP Assignment\main.cpp(1278,12): warning C4305: 'argument': truncation from 'double' to 'GLfloat'
C:\Users\ThisPc\Desktop\GP Assignment\GP Assignment\main.cpp(1280,21): warning C4305: 'argument': truncation from 'double' to 'float'
C:\Users\ThisPc\Desktop\GP Assignment\GP Assignment\main.cpp(1280,16): warning C4305: 'argument': truncation from 'double' to 'float'
C:\Users\ThisPc\Desktop\GP Assignment\GP Assignment\main.cpp(1280,11): warning C4305: 'argument': truncation from 'double' to 'float'
C:\Users\ThisPc\Desktop\GP Assignment\GP Assignment\main.cpp(1286,25): warning C4305: 'argument': truncation from 'double' to 'GLfloat'
C:\Users\ThisPc\Desktop\GP Assignment\GP Assignment\main.cpp(1286,15): warning C4305: 'argument': truncation from 'double' to 'GLfloat'
C:\Users\ThisPc\Desktop\GP Assignment\GP Assignment\main.cpp(1289,21): warning C4305: 'argument': truncation from 'double' to 'float'
C:\Users\ThisPc\Desktop\GP Assignment\GP Assignment\main.cpp(1289,16): warning C4305: 'argument': truncation from 'double' to 'float'
C:\Users\ThisPc\Desktop\GP Assignment\GP Assignment\main.cpp(1289,11): warning C4305: 'argument': truncation from 'double' to 'float'
C:\Users\ThisPc\Desktop\GP Assignment\GP Assignment\main.cpp(1294,28): warning C4305: 'argument': truncation from 'double' to 'GLfloat'
C:\Users\ThisPc\Desktop\GP Assignment\GP Assignment\main.cpp(1294,22): warning C4305: 'argument': truncation from 'double' to 'GLfloat'
C:\Users\ThisPc\Desktop\GP Assignment\GP Assignment\main.cpp(1294,15): warning C4305: 'argument': truncation from 'double' to 'GLfloat'
C:\Users\ThisPc\Desktop\GP Assignment\GP Assignment\main.cpp(1295,24): warning C4305: 'argument': truncation from 'double' to 'GLfloat'
C:\Users\ThisPc\Desktop\GP Assignment\GP Assignment\main.cpp(1295,18): warning C4305: 'argument': truncation from 'double' to 'GLfloat'
C:\Users\ThisPc\Desktop\GP Assignment\GP Assignment\main.cpp(1295,12): warning C4305: 'argument': truncation from 'double' to 'GLfloat'
C:\Users\ThisPc\Desktop\GP Assignment\GP Assignment\main.cpp(1297,16): warning C4305: 'argument': truncation from 'double' to 'float'
C:\Users\ThisPc\Desktop\GP Assignment\GP Assignment\main.cpp(1297,11): warning C4305: 'argument': truncation from 'double' to 'float'
C:\Users\ThisPc\Desktop\GP Assignment\GP Assignment\main.cpp(1301,27): warning C4305: 'argument': truncation from 'double' to 'GLfloat'
C:\Users\ThisPc\Desktop\GP Assignment\GP Assignment\main.cpp(1301,22): warning C4305: 'argument': truncation from 'double' to 'GLfloat'
C:\Users\ThisPc\Desktop\GP Assignment\GP Assignment\main.cpp(1301,15): warning C4305: 'argument': truncation from 'double' to 'GLfloat'
C:\Users\ThisPc\Desktop\GP Assignment\GP Assignment\main.cpp(1302,24): warning C4305: 'argument': truncation from 'double' to 'GLfloat'
C:\Users\ThisPc\Desktop\GP Assignment\GP Assignment\main.cpp(1302,18): warning C4305: 'argument': truncation from 'double' to 'GLfloat'
C:\Users\ThisPc\Desktop\GP Assignment\GP Assignment\main.cpp(1302,12): warning C4305: 'argument': truncation from 'double' to 'GLfloat'
C:\Users\ThisPc\Desktop\GP Assignment\GP Assignment\main.cpp(1304,16): warning C4305: 'argument': truncation from 'double' to 'float'
C:\Users\ThisPc\Desktop\GP Assignment\GP Assignment\main.cpp(1304,11): warning C4305: 'argument': truncation from 'double' to 'float'
C:\Users\ThisPc\Desktop\GP Assignment\GP Assignment\main.cpp(1308,27): warning C4305: 'argument': truncation from 'double' to 'GLfloat'
C:\Users\ThisPc\Desktop\GP Assignment\GP Assignment\main.cpp(1308,22): warning C4305: 'argument': truncation from 'double' to 'GLfloat'
C:\Users\ThisPc\Desktop\GP Assignment\GP Assignment\main.cpp(1308,15): warning C4305: 'argument': truncation from 'double' to 'GLfloat'
C:\Users\ThisPc\Desktop\GP Assignment\GP Assignment\main.cpp(1309,24): warning C4305: 'argument': truncation from 'double' to 'GLfloat'
C:\Users\ThisPc\Desktop\GP Assignment\GP Assignment\main.cpp(1309,18): warning C4305: 'argument': truncation from 'double' to 'GLfloat'
C:\Users\ThisPc\Desktop\GP Assignment\GP Assignment\main.cpp(1309,12): warning C4305: 'argument': truncation from 'double' to 'GLfloat'
C:\Users\ThisPc\Desktop\GP Assignment\GP Assignment\main.cpp(1311,22): warning C4305: 'argument': truncation from 'double' to 'float'
C:\Users\ThisPc\Desktop\GP Assignment\GP Assignment\main.cpp(1311,17): warning C4305: 'argument': truncation from 'double' to 'float'
C:\Users\ThisPc\Desktop\GP Assignment\GP Assignment\main.cpp(1311,11): warning C4305: 'argument': truncation from 'double' to 'float'
C:\Users\ThisPc\Desktop\GP Assignment\GP Assignment\main.cpp(1315,28): warning C4305: 'argument': truncation from 'double' to 'GLfloat'
C:\Users\ThisPc\Desktop\GP Assignment\GP Assignment\main.cpp(1315,22): warning C4305: 'argument': truncation from 'double' to 'GLfloat'
C:\Users\ThisPc\Desktop\GP Assignment\GP Assignment\main.cpp(1315,15): warning C4305: 'argument': truncation from 'double' to 'GLfloat'
C:\Users\ThisPc\Desktop\GP Assignment\GP Assignment\main.cpp(1316,24): warning C4305: 'argument': truncation from 'double' to 'GLfloat'
C:\Users\ThisPc\Desktop\GP Assignment\GP Assignment\main.cpp(1316,18): warning C4305: 'argument': truncation from 'double' to 'GLfloat'
C:\Users\ThisPc\Desktop\GP Assignment\GP Assignment\main.cpp(1316,12): warning C4305: 'argument': truncation from 'double' to 'GLfloat'
C:\Users\ThisPc\Desktop\GP Assignment\GP Assignment\main.cpp(1318,22): warning C4305: 'argument': truncation from 'double' to 'float'
C:\Users\ThisPc\Desktop\GP Assignment\GP Assignment\main.cpp(1318,17): warning C4305: 'argument': truncation from 'double' to 'float'
C:\Users\ThisPc\Desktop\GP Assignment\GP Assignment\main.cpp(1318,11): warning C4305: 'argument': truncation from 'double' to 'float'
C:\Users\ThisPc\Desktop\GP Assignment\GP Assignment\main.cpp(1323,25): warning C4305: 'argument': truncation from 'double' to 'GLfloat'
C:\Users\ThisPc\Desktop\GP Assignment\GP Assignment\main.cpp(1323,15): warning C4305: 'argument': truncation from 'double' to 'GLfloat'
C:\Users\ThisPc\Desktop\GP Assignment\GP Assignment\main.cpp(1326,21): warning C4305: 'argument': truncation from 'double' to 'float'
C:\Users\ThisPc\Desktop\GP Assignment\GP Assignment\main.cpp(1326,16): warning C4305: 'argument': truncation from 'double' to 'float'
C:\Users\ThisPc\Desktop\GP Assignment\GP Assignment\main.cpp(1326,11): warning C4305: 'argument': truncation from 'double' to 'float'
C:\Users\ThisPc\Desktop\GP Assignment\GP Assignment\main.cpp(1330,25): warning C4305: 'argument': truncation from 'double' to 'GLfloat'
C:\Users\ThisPc\Desktop\GP Assignment\GP Assignment\main.cpp(1330,15): warning C4305: 'argument': truncation from 'double' to 'GLfloat'
C:\Users\ThisPc\Desktop\GP Assignment\GP Assignment\main.cpp(1331,24): warning C4305: 'argument': truncation from 'double' to 'GLfloat'
C:\Users\ThisPc\Desktop\GP Assignment\GP Assignment\main.cpp(1331,18): warning C4305: 'argument': truncation from 'double' to 'GLfloat'
C:\Users\ThisPc\Desktop\GP Assignment\GP Assignment\main.cpp(1331,12): warning C4305: 'argument': truncation from 'double' to 'GLfloat'
C:\Users\ThisPc\Desktop\GP Assignment\GP Assignment\main.cpp(1333,21): warning C4305: 'argument': truncation from 'double' to 'float'
C:\Users\ThisPc\Desktop\GP Assignment\GP Assignment\main.cpp(1333,16): warning C4305: 'argument': truncation from 'double' to 'float'
C:\Users\ThisPc\Desktop\GP Assignment\GP Assignment\main.cpp(1333,11): warning C4305: 'argument': truncation from 'double' to 'float'
C:\Users\ThisPc\Desktop\GP Assignment\GP Assignment\main.cpp(1338,20): warning C4305: 'argument': truncation from 'double' to 'GLfloat'
C:\Users\ThisPc\Desktop\GP Assignment\GP Assignment\main.cpp(1338,15): warning C4305: 'argument': truncation from 'double' to 'GLfloat'
C:\Users\ThisPc\Desktop\GP Assignment\GP Assignment\main.cpp(1344,26): warning C4305: 'argument': truncation from 'double' to 'GLfloat'
C:\Users\ThisPc\Desktop\GP Assignment\GP Assignment\main.cpp(1344,20): warning C4305: 'argument': truncation from 'double' to 'GLfloat'
C:\Users\ThisPc\Desktop\GP Assignment\GP Assignment\main.cpp(1344,15): warning C4305: 'argument': truncation from 'double' to 'GLfloat'
C:\Users\ThisPc\Desktop\GP Assignment\GP Assignment\main.cpp(1350,26): warning C4305: 'argument': truncation from 'double' to 'GLfloat'
C:\Users\ThisPc\Desktop\GP Assignment\GP Assignment\main.cpp(1350,20): warning C4305: 'argument': truncation from 'double' to 'GLfloat'
C:\Users\ThisPc\Desktop\GP Assignment\GP Assignment\main.cpp(1350,15): warning C4305: 'argument': truncation from 'double' to 'GLfloat'
C:\Users\ThisPc\Desktop\GP Assignment\GP Assignment\main.cpp(1356,26): warning C4305: 'argument': truncation from 'double' to 'GLfloat'
C:\Users\ThisPc\Desktop\GP Assignment\GP Assignment\main.cpp(1356,20): warning C4305: 'argument': truncation from 'double' to 'GLfloat'
C:\Users\ThisPc\Desktop\GP Assignment\GP Assignment\main.cpp(1356,15): warning C4305: 'argument': truncation from 'double' to 'GLfloat'
C:\Users\ThisPc\Desktop\GP Assignment\GP Assignment\main.cpp(1362,26): warning C4305: 'argument': truncation from 'double' to 'GLfloat'
C:\Users\ThisPc\Desktop\GP Assignment\GP Assignment\main.cpp(1362,20): warning C4305: 'argument': truncation from 'double' to 'GLfloat'
C:\Users\ThisPc\Desktop\GP Assignment\GP Assignment\main.cpp(1362,15): warning C4305: 'argument': truncation from 'double' to 'GLfloat'
C:\Users\ThisPc\Desktop\GP Assignment\GP Assignment\main.cpp(1363,22): warning C4305: 'argument': truncation from 'double' to 'GLfloat'
C:\Users\ThisPc\Desktop\GP Assignment\GP Assignment\main.cpp(1363,17): warning C4305: 'argument': truncation from 'double' to 'GLfloat'
C:\Users\ThisPc\Desktop\GP Assignment\GP Assignment\main.cpp(1363,12): warning C4305: 'argument': truncation from 'double' to 'GLfloat'
C:\Users\ThisPc\Desktop\GP Assignment\GP Assignment\main.cpp(1365,21): warning C4305: 'argument': truncation from 'double' to 'float'
C:\Users\ThisPc\Desktop\GP Assignment\GP Assignment\main.cpp(1365,16): warning C4305: 'argument': truncation from 'double' to 'float'
C:\Users\ThisPc\Desktop\GP Assignment\GP Assignment\main.cpp(1365,11): warning C4305: 'argument': truncation from 'double' to 'float'
C:\Users\ThisPc\Desktop\GP Assignment\GP Assignment\main.cpp(1369,26): warning C4305: 'argument': truncation from 'double' to 'GLfloat'
C:\Users\ThisPc\Desktop\GP Assignment\GP Assignment\main.cpp(1369,20): warning C4305: 'argument': truncation from 'double' to 'GLfloat'
C:\Users\ThisPc\Desktop\GP Assignment\GP Assignment\main.cpp(1369,15): warning C4305: 'argument': truncation from 'double' to 'GLfloat'
C:\Users\ThisPc\Desktop\GP Assignment\GP Assignment\main.cpp(1370,22): warning C4305: 'argument': truncation from 'double' to 'GLfloat'
C:\Users\ThisPc\Desktop\GP Assignment\GP Assignment\main.cpp(1370,17): warning C4305: 'argument': truncation from 'double' to 'GLfloat'
C:\Users\ThisPc\Desktop\GP Assignment\GP Assignment\main.cpp(1370,12): warning C4305: 'argument': truncation from 'double' to 'GLfloat'
C:\Users\ThisPc\Desktop\GP Assignment\GP Assignment\main.cpp(1372,16): warning C4305: 'argument': truncation from 'double' to 'float'
C:\Users\ThisPc\Desktop\GP Assignment\GP Assignment\main.cpp(1372,11): warning C4305: 'argument': truncation from 'double' to 'float'
C:\Users\ThisPc\Desktop\GP Assignment\GP Assignment\main.cpp(1376,26): warning C4305: 'argument': truncation from 'double' to 'GLfloat'
C:\Users\ThisPc\Desktop\GP Assignment\GP Assignment\main.cpp(1376,20): warning C4305: 'argument': truncation from 'double' to 'GLfloat'
C:\Users\ThisPc\Desktop\GP Assignment\GP Assignment\main.cpp(1376,15): warning C4305: 'argument': truncation from 'double' to 'GLfloat'
C:\Users\ThisPc\Desktop\GP Assignment\GP Assignment\main.cpp(1384,20): warning C4305: 'argument': truncation from 'double' to 'GLfloat'
C:\Users\ThisPc\Desktop\GP Assignment\GP Assignment\main.cpp(1384,15): warning C4305: 'argument': truncation from 'double' to 'GLfloat'
C:\Users\ThisPc\Desktop\GP Assignment\GP Assignment\main.cpp(1390,27): warning C4305: 'argument': truncation from 'double' to 'GLfloat'
C:\Users\ThisPc\Desktop\GP Assignment\GP Assignment\main.cpp(1390,20): warning C4305: 'argument': truncation from 'double' to 'GLfloat'
C:\Users\ThisPc\Desktop\GP Assignment\GP Assignment\main.cpp(1390,15): warning C4305: 'argument': truncation from 'double' to 'GLfloat'
C:\Users\ThisPc\Desktop\GP Assignment\GP Assignment\main.cpp(1396,27): warning C4305: 'argument': truncation from 'double' to 'GLfloat'
C:\Users\ThisPc\Desktop\GP Assignment\GP Assignment\main.cpp(1396,20): warning C4305: 'argument': truncation from 'double' to 'GLfloat'
C:\Users\ThisPc\Desktop\GP Assignment\GP Assignment\main.cpp(1396,15): warning C4305: 'argument': truncation from 'double' to 'GLfloat'
C:\Users\ThisPc\Desktop\GP Assignment\GP Assignment\main.cpp(1402,27): warning C4305: 'argument': truncation from 'double' to 'GLfloat'
C:\Users\ThisPc\Desktop\GP Assignment\GP Assignment\main.cpp(1402,20): warning C4305: 'argument': truncation from 'double' to 'GLfloat'
C:\Users\ThisPc\Desktop\GP Assignment\GP Assignment\main.cpp(1402,15): warning C4305: 'argument': truncation from 'double' to 'GLfloat'
C:\Users\ThisPc\Desktop\GP Assignment\GP Assignment\main.cpp(1408,27): warning C4305: 'argument': truncation from 'double' to 'GLfloat'
C:\Users\ThisPc\Desktop\GP Assignment\GP Assignment\main.cpp(1408,20): warning C4305: 'argument': truncation from 'double' to 'GLfloat'
C:\Users\ThisPc\Desktop\GP Assignment\GP Assignment\main.cpp(1408,15): warning C4305: 'argument': truncation from 'double' to 'GLfloat'
C:\Users\ThisPc\Desktop\GP Assignment\GP Assignment\main.cpp(1409,22): warning C4305: 'argument': truncation from 'double' to 'GLfloat'
C:\Users\ThisPc\Desktop\GP Assignment\GP Assignment\main.cpp(1409,17): warning C4305: 'argument': truncation from 'double' to 'GLfloat'
C:\Users\ThisPc\Desktop\GP Assignment\GP Assignment\main.cpp(1409,12): warning C4305: 'argument': truncation from 'double' to 'GLfloat'
C:\Users\ThisPc\Desktop\GP Assignment\GP Assignment\main.cpp(1411,21): warning C4305: 'argument': truncation from 'double' to 'float'
C:\Users\ThisPc\Desktop\GP Assignment\GP Assignment\main.cpp(1411,16): warning C4305: 'argument': truncation from 'double' to 'float'
C:\Users\ThisPc\Desktop\GP Assignment\GP Assignment\main.cpp(1411,11): warning C4305: 'argument': truncation from 'double' to 'float'
C:\Users\ThisPc\Desktop\GP Assignment\GP Assignment\main.cpp(1415,27): warning C4305: 'argument': truncation from 'double' to 'GLfloat'
C:\Users\ThisPc\Desktop\GP Assignment\GP Assignment\main.cpp(1415,20): warning C4305: 'argument': truncation from 'double' to 'GLfloat'
C:\Users\ThisPc\Desktop\GP Assignment\GP Assignment\main.cpp(1415,15): warning C4305: 'argument': truncation from 'double' to 'GLfloat'
C:\Users\ThisPc\Desktop\GP Assignment\GP Assignment\main.cpp(1416,22): warning C4305: 'argument': truncation from 'double' to 'GLfloat'
C:\Users\ThisPc\Desktop\GP Assignment\GP Assignment\main.cpp(1416,17): warning C4305: 'argument': truncation from 'double' to 'GLfloat'
C:\Users\ThisPc\Desktop\GP Assignment\GP Assignment\main.cpp(1416,12): warning C4305: 'argument': truncation from 'double' to 'GLfloat'
C:\Users\ThisPc\Desktop\GP Assignment\GP Assignment\main.cpp(1418,16): warning C4305: 'argument': truncation from 'double' to 'float'
C:\Users\ThisPc\Desktop\GP Assignment\GP Assignment\main.cpp(1418,11): warning C4305: 'argument': truncation from 'double' to 'float'
C:\Users\ThisPc\Desktop\GP Assignment\GP Assignment\main.cpp(1422,27): warning C4305: 'argument': truncation from 'double' to 'GLfloat'
C:\Users\ThisPc\Desktop\GP Assignment\GP Assignment\main.cpp(1422,20): warning C4305: 'argument': truncation from 'double' to 'GLfloat'
C:\Users\ThisPc\Desktop\GP Assignment\GP Assignment\main.cpp(1422,15): warning C4305: 'argument': truncation from 'double' to 'GLfloat'
C:\Users\ThisPc\Desktop\GP Assignment\GP Assignment\main.cpp(1429,23): warning C4305: 'argument': truncation from 'double' to 'GLfloat'
C:\Users\ThisPc\Desktop\GP Assignment\GP Assignment\main.cpp(1429,15): warning C4305: 'argument': truncation from 'double' to 'GLfloat'
C:\Users\ThisPc\Desktop\GP Assignment\GP Assignment\main.cpp(1430,22): warning C4305: 'argument': truncation from 'double' to 'GLfloat'
C:\Users\ThisPc\Desktop\GP Assignment\GP Assignment\main.cpp(1430,17): warning C4305: 'argument': truncation from 'double' to 'GLfloat'
C:\Users\ThisPc\Desktop\GP Assignment\GP Assignment\main.cpp(1430,12): warning C4305: 'argument': truncation from 'double' to 'GLfloat'
C:\Users\ThisPc\Desktop\GP Assignment\GP Assignment\main.cpp(1432,16): warning C4305: 'argument': truncation from 'double' to 'float'
C:\Users\ThisPc\Desktop\GP Assignment\GP Assignment\main.cpp(1436,23): warning C4305: 'argument': truncation from 'double' to 'GLfloat'
C:\Users\ThisPc\Desktop\GP Assignment\GP Assignment\main.cpp(1436,15): warning C4305: 'argument': truncation from 'double' to 'GLfloat'
C:\Users\ThisPc\Desktop\GP Assignment\GP Assignment\main.cpp(1437,22): warning C4305: 'argument': truncation from 'double' to 'GLfloat'
C:\Users\ThisPc\Desktop\GP Assignment\GP Assignment\main.cpp(1437,17): warning C4305: 'argument': truncation from 'double' to 'GLfloat'
C:\Users\ThisPc\Desktop\GP Assignment\GP Assignment\main.cpp(1437,12): warning C4305: 'argument': truncation from 'double' to 'GLfloat'
C:\Users\ThisPc\Desktop\GP Assignment\GP Assignment\main.cpp(1439,16): warning C4305: 'argument': truncation from 'double' to 'float'
C:\Users\ThisPc\Desktop\GP Assignment\GP Assignment\main.cpp(1444,22): warning C4305: 'argument': truncation from 'double' to 'GLfloat'
C:\Users\ThisPc\Desktop\GP Assignment\GP Assignment\main.cpp(1444,17): warning C4305: 'argument': truncation from 'double' to 'GLfloat'
C:\Users\ThisPc\Desktop\GP Assignment\GP Assignment\main.cpp(1444,12): warning C4305: 'argument': truncation from 'double' to 'GLfloat'
C:\Users\ThisPc\Desktop\GP Assignment\GP Assignment\main.cpp(1446,21): warning C4305: 'argument': truncation from 'double' to 'float'
C:\Users\ThisPc\Desktop\GP Assignment\GP Assignment\main.cpp(1446,16): warning C4305: 'argument': truncation from 'double' to 'float'
C:\Users\ThisPc\Desktop\GP Assignment\GP Assignment\main.cpp(1446,11): warning C4305: 'argument': truncation from 'double' to 'float'
C:\Users\ThisPc\Desktop\GP Assignment\GP Assignment\main.cpp(1454,23): warning C4305: 'argument': truncation from 'double' to 'GLfloat'
C:\Users\ThisPc\Desktop\GP Assignment\GP Assignment\main.cpp(1454,15): warning C4305: 'argument': truncation from 'double' to 'GLfloat'
C:\Users\ThisPc\Desktop\GP Assignment\GP Assignment\main.cpp(1455,17): warning C4305: 'argument': truncation from 'double' to 'GLfloat'
C:\Users\ThisPc\Desktop\GP Assignment\GP Assignment\main.cpp(1455,12): warning C4305: 'argument': truncation from 'double' to 'GLfloat'
C:\Users\ThisPc\Desktop\GP Assignment\GP Assignment\main.cpp(1456,16): warning C4305: 'argument': truncation from 'double' to 'GLfloat'
C:\Users\ThisPc\Desktop\GP Assignment\GP Assignment\main.cpp(1456,11): warning C4305: 'argument': truncation from 'double' to 'GLfloat'
C:\Users\ThisPc\Desktop\GP Assignment\GP Assignment\main.cpp(1460,25): warning C4305: 'argument': truncation from 'double' to 'float'
C:\Users\ThisPc\Desktop\GP Assignment\GP Assignment\main.cpp(1465,27): warning C4305: 'argument': truncation from 'double' to 'GLfloat'
C:\Users\ThisPc\Desktop\GP Assignment\GP Assignment\main.cpp(1465,21): warning C4305: 'argument': truncation from 'double' to 'GLfloat'
C:\Users\ThisPc\Desktop\GP Assignment\GP Assignment\main.cpp(1465,15): warning C4305: 'argument': truncation from 'double' to 'GLfloat'
C:\Users\ThisPc\Desktop\GP Assignment\GP Assignment\main.cpp(1466,24): warning C4305: 'argument': truncation from 'double' to 'GLfloat'
C:\Users\ThisPc\Desktop\GP Assignment\GP Assignment\main.cpp(1466,18): warning C4305: 'argument': truncation from 'double' to 'GLfloat'
C:\Users\ThisPc\Desktop\GP Assignment\GP Assignment\main.cpp(1466,12): warning C4305: 'argument': truncation from 'double' to 'GLfloat'
C:\Users\ThisPc\Desktop\GP Assignment\GP Assignment\main.cpp(1471,27): warning C4305: 'argument': truncation from 'double' to 'GLfloat'
C:\Users\ThisPc\Desktop\GP Assignment\GP Assignment\main.cpp(1471,21): warning C4305: 'argument': truncation from 'double' to 'GLfloat'
C:\Users\ThisPc\Desktop\GP Assignment\GP Assignment\main.cpp(1472,24): warning C4305: 'argument': truncation from 'double' to 'GLfloat'
C:\Users\ThisPc\Desktop\GP Assignment\GP Assignment\main.cpp(1472,18): warning C4305: 'argument': truncation from 'double' to 'GLfloat'
C:\Users\ThisPc\Desktop\GP Assignment\GP Assignment\main.cpp(1472,12): warning C4305: 'argument': truncation from 'double' to 'GLfloat'
C:\Users\ThisPc\Desktop\GP Assignment\GP Assignment\main.cpp(1474,21): warning C4305: 'argument': truncation from 'double' to 'float'
C:\Users\ThisPc\Desktop\GP Assignment\GP Assignment\main.cpp(1474,16): warning C4305: 'argument': truncation from 'double' to 'float'
C:\Users\ThisPc\Desktop\GP Assignment\GP Assignment\main.cpp(1474,11): warning C4305: 'argument': truncation from 'double' to 'float'
C:\Users\ThisPc\Desktop\GP Assignment\GP Assignment\main.cpp(1480,29): warning C4305: 'argument': truncation from 'double' to 'GLfloat'
C:\Users\ThisPc\Desktop\GP Assignment\GP Assignment\main.cpp(1480,22): warning C4305: 'argument': truncation from 'double' to 'GLfloat'
C:\Users\ThisPc\Desktop\GP Assignment\GP Assignment\main.cpp(1480,15): warning C4305: 'argument': truncation from 'double' to 'GLfloat'
C:\Users\ThisPc\Desktop\GP Assignment\GP Assignment\main.cpp(1486,28): warning C4305: 'argument': truncation from 'double' to 'GLfloat'
C:\Users\ThisPc\Desktop\GP Assignment\GP Assignment\main.cpp(1486,15): warning C4305: 'argument': truncation from 'double' to 'GLfloat'
C:\Users\ThisPc\Desktop\GP Assignment\GP Assignment\main.cpp(1496,21): warning C4305: 'argument': truncation from 'double' to 'GLfloat'
C:\Users\ThisPc\Desktop\GP Assignment\GP Assignment\main.cpp(1502,21): warning C4305: 'argument': truncation from 'double' to 'GLfloat'
C:\Users\ThisPc\Desktop\GP Assignment\GP Assignment\main.cpp(1509,21): warning C4305: 'argument': truncation from 'double' to 'GLfloat'
C:\Users\ThisPc\Desktop\GP Assignment\GP Assignment\main.cpp(1517,21): warning C4305: 'argument': truncation from 'double' to 'GLfloat'
C:\Users\ThisPc\Desktop\GP Assignment\GP Assignment\main.cpp(1530,21): warning C4305: 'argument': truncation from 'double' to 'GLfloat'
C:\Users\ThisPc\Desktop\GP Assignment\GP Assignment\main.cpp(1536,21): warning C4305: 'argument': truncation from 'double' to 'GLfloat'
C:\Users\ThisPc\Desktop\GP Assignment\GP Assignment\main.cpp(1543,21): warning C4305: 'argument': truncation from 'double' to 'GLfloat'
C:\Users\ThisPc\Desktop\GP Assignment\GP Assignment\main.cpp(1631,24): warning C4305: 'argument': truncation from 'double' to 'GLfloat'
C:\Users\ThisPc\Desktop\GP Assignment\GP Assignment\main.cpp(1631,15): warning C4305: 'argument': truncation from 'double' to 'GLfloat'
C:\Users\ThisPc\Desktop\GP Assignment\GP Assignment\main.cpp(1632,21): warning C4305: 'argument': truncation from 'double' to 'GLfloat'
C:\Users\ThisPc\Desktop\GP Assignment\GP Assignment\main.cpp(1632,16): warning C4305: 'argument': truncation from 'double' to 'GLfloat'
C:\Users\ThisPc\Desktop\GP Assignment\GP Assignment\main.cpp(1632,11): warning C4305: 'argument': truncation from 'double' to 'GLfloat'
C:\Users\ThisPc\Desktop\GP Assignment\GP Assignment\main.cpp(1649,27): warning C4305: 'argument': truncation from 'double' to 'GLfloat'
C:\Users\ThisPc\Desktop\GP Assignment\GP Assignment\main.cpp(1649,21): warning C4305: 'argument': truncation from 'double' to 'GLfloat'
C:\Users\ThisPc\Desktop\GP Assignment\GP Assignment\main.cpp(1649,15): warning C4305: 'argument': truncation from 'double' to 'GLfloat'
C:\Users\ThisPc\Desktop\GP Assignment\GP Assignment\main.cpp(1653,21): warning C4305: 'argument': truncation from 'double' to 'float'
C:\Users\ThisPc\Desktop\GP Assignment\GP Assignment\main.cpp(1653,16): warning C4305: 'argument': truncation from 'double' to 'float'
C:\Users\ThisPc\Desktop\GP Assignment\GP Assignment\main.cpp(1653,11): warning C4305: 'argument': truncation from 'double' to 'float'
C:\Users\ThisPc\Desktop\GP Assignment\GP Assignment\main.cpp(1658,28): warning C4305: 'argument': truncation from 'double' to 'GLfloat'
C:\Users\ThisPc\Desktop\GP Assignment\GP Assignment\main.cpp(1658,21): warning C4305: 'argument': truncation from 'double' to 'GLfloat'
C:\Users\ThisPc\Desktop\GP Assignment\GP Assignment\main.cpp(1658,15): warning C4305: 'argument': truncation from 'double' to 'GLfloat'
C:\Users\ThisPc\Desktop\GP Assignment\GP Assignment\main.cpp(1662,21): warning C4305: 'argument': truncation from 'double' to 'float'
C:\Users\ThisPc\Desktop\GP Assignment\GP Assignment\main.cpp(1662,16): warning C4305: 'argument': truncation from 'double' to 'float'
C:\Users\ThisPc\Desktop\GP Assignment\GP Assignment\main.cpp(1662,11): warning C4305: 'argument': truncation from 'double' to 'float'
C:\Users\ThisPc\Desktop\GP Assignment\GP Assignment\main.cpp(1667,24): warning C4305: 'argument': truncation from 'double' to 'GLfloat'
C:\Users\ThisPc\Desktop\GP Assignment\GP Assignment\main.cpp(1667,15): warning C4305: 'argument': truncation from 'double' to 'GLfloat'
C:\Users\ThisPc\Desktop\GP Assignment\GP Assignment\main.cpp(1668,18): warning C4305: 'argument': truncation from 'double' to 'GLfloat'
C:\Users\ThisPc\Desktop\GP Assignment\GP Assignment\main.cpp(1668,12): warning C4305: 'argument': truncation from 'double' to 'GLfloat'
C:\Users\ThisPc\Desktop\GP Assignment\GP Assignment\main.cpp(1670,21): warning C4305: 'argument': truncation from 'double' to 'float'
C:\Users\ThisPc\Desktop\GP Assignment\GP Assignment\main.cpp(1670,11): warning C4305: 'argument': truncation from 'double' to 'float'
C:\Users\ThisPc\Desktop\GP Assignment\GP Assignment\main.cpp(1675,24): warning C4305: 'argument': truncation from 'double' to 'GLfloat'
C:\Users\ThisPc\Desktop\GP Assignment\GP Assignment\main.cpp(1675,15): warning C4305: 'argument': truncation from 'double' to 'GLfloat'
C:\Users\ThisPc\Desktop\GP Assignment\GP Assignment\main.cpp(1676,17): warning C4305: 'argument': truncation from 'double' to 'GLfloat'
C:\Users\ThisPc\Desktop\GP Assignment\GP Assignment\main.cpp(1676,12): warning C4305: 'argument': truncation from 'double' to 'GLfloat'
C:\Users\ThisPc\Desktop\GP Assignment\GP Assignment\main.cpp(1678,22): warning C4305: 'argument': truncation from 'double' to 'float'
C:\Users\ThisPc\Desktop\GP Assignment\GP Assignment\main.cpp(1678,11): warning C4305: 'argument': truncation from 'double' to 'float'
C:\Users\ThisPc\Desktop\GP Assignment\GP Assignment\main.cpp(1683,20): warning C4305: 'argument': truncation from 'double' to 'GLfloat'
C:\Users\ThisPc\Desktop\GP Assignment\GP Assignment\main.cpp(1683,15): warning C4305: 'argument': truncation from 'double' to 'GLfloat'
C:\Users\ThisPc\Desktop\GP Assignment\GP Assignment\main.cpp(1689,20): warning C4305: 'argument': truncation from 'double' to 'GLfloat'
C:\Users\ThisPc\Desktop\GP Assignment\GP Assignment\main.cpp(1689,15): warning C4305: 'argument': truncation from 'double' to 'GLfloat'
C:\Users\ThisPc\Desktop\GP Assignment\GP Assignment\main.cpp(1696,25): warning C4305: 'argument': truncation from 'double' to 'GLfloat'
C:\Users\ThisPc\Desktop\GP Assignment\GP Assignment\main.cpp(1697,18): warning C4305: 'argument': truncation from 'double' to 'GLfloat'
C:\Users\ThisPc\Desktop\GP Assignment\GP Assignment\main.cpp(1697,12): warning C4305: 'argument': truncation from 'double' to 'GLfloat'
C:\Users\ThisPc\Desktop\GP Assignment\GP Assignment\main.cpp(1700,21): warning C4305: 'argument': truncation from 'double' to 'float'
C:\Users\ThisPc\Desktop\GP Assignment\GP Assignment\main.cpp(1700,11): warning C4305: 'argument': truncation from 'double' to 'float'
C:\Users\ThisPc\Desktop\GP Assignment\GP Assignment\main.cpp(1704,28): warning C4305: 'argument': truncation from 'double' to 'GLfloat'
C:\Users\ThisPc\Desktop\GP Assignment\GP Assignment\main.cpp(1704,22): warning C4305: 'argument': truncation from 'double' to 'GLfloat'
C:\Users\ThisPc\Desktop\GP Assignment\GP Assignment\main.cpp(1704,15): warning C4305: 'argument': truncation from 'double' to 'GLfloat'
C:\Users\ThisPc\Desktop\GP Assignment\GP Assignment\main.cpp(1705,18): warning C4305: 'argument': truncation from 'double' to 'GLfloat'
C:\Users\ThisPc\Desktop\GP Assignment\GP Assignment\main.cpp(1705,12): warning C4305: 'argument': truncation from 'double' to 'GLfloat'
C:\Users\ThisPc\Desktop\GP Assignment\GP Assignment\main.cpp(1708,22): warning C4305: 'argument': truncation from 'double' to 'float'
C:\Users\ThisPc\Desktop\GP Assignment\GP Assignment\main.cpp(1708,17): warning C4305: 'argument': truncation from 'double' to 'float'
C:\Users\ThisPc\Desktop\GP Assignment\GP Assignment\main.cpp(1708,11): warning C4305: 'argument': truncation from 'double' to 'float'
C:\Users\ThisPc\Desktop\GP Assignment\GP Assignment\main.cpp(1712,27): warning C4305: 'argument': truncation from 'double' to 'GLfloat'
C:\Users\ThisPc\Desktop\GP Assignment\GP Assignment\main.cpp(1712,22): warning C4305: 'argument': truncation from 'double' to 'GLfloat'
C:\Users\ThisPc\Desktop\GP Assignment\GP Assignment\main.cpp(1712,15): warning C4305: 'argument': truncation from 'double' to 'GLfloat'
C:\Users\ThisPc\Desktop\GP Assignment\GP Assignment\main.cpp(1713,18): warning C4305: 'argument': truncation from 'double' to 'GLfloat'
C:\Users\ThisPc\Desktop\GP Assignment\GP Assignment\main.cpp(1713,12): warning C4305: 'argument': truncation from 'double' to 'GLfloat'
C:\Users\ThisPc\Desktop\GP Assignment\GP Assignment\main.cpp(1716,22): warning C4305: 'argument': truncation from 'double' to 'float'
C:\Users\ThisPc\Desktop\GP Assignment\GP Assignment\main.cpp(1716,17): warning C4305: 'argument': truncation from 'double' to 'float'
C:\Users\ThisPc\Desktop\GP Assignment\GP Assignment\main.cpp(1716,11): warning C4305: 'argument': truncation from 'double' to 'float'
C:\Users\ThisPc\Desktop\GP Assignment\GP Assignment\main.cpp(1721,25): warning C4305: 'argument': truncation from 'double' to 'GLfloat'
C:\Users\ThisPc\Desktop\GP Assignment\GP Assignment\main.cpp(1722,18): warning C4305: 'argument': truncation from 'double' to 'GLfloat'
C:\Users\ThisPc\Desktop\GP Assignment\GP Assignment\main.cpp(1722,12): warning C4305: 'argument': truncation from 'double' to 'GLfloat'
C:\Users\ThisPc\Desktop\GP Assignment\GP Assignment\main.cpp(1724,21): warning C4305: 'argument': truncation from 'double' to 'float'
C:\Users\ThisPc\Desktop\GP Assignment\GP Assignment\main.cpp(1724,16): warning C4305: 'argument': truncation from 'double' to 'float'
  GP Assignment.vcxproj -> C:\Users\ThisPc\Desktop\GP Assignment\Debug\GP Assignment.exe
